WARNING: Sandbox disabled, this run is not trustworthy.
Resolving dependencies
Building Challenge
⚠ [3124/3125] Replayed Challenge
warning: Challenge.lean:212:0: automatically included section variable(s) unused in theorem `Border.ChallengeProof.flowSet_compact`:
  [Fintype Ω]
  [DecidableEq A]
consider restructuring your `variable` declarations so that the variables are not in scope or explicitly omit them:
  omit [Fintype Ω] [DecidableEq A] in theorem ...

Note: This linter can be disabled with `set_option linter.unusedSectionVars false`
Build completed successfully (3125 jobs).
Exporting #[Quot, Quot.mk, Quot.lift, Quot.ind, Border.border_feasibility, Border.feasible_iff_conditional, Border.border_conditional_feasibility, Border.independent_border_feasibility, Border.independent_border_conditional_feasibility, Border.allocation_le_one, propext, Quot.sound, Classical.choice, Nat.add, Nat.sub, Nat.mul, Nat.pow, Nat.gcd, Nat.div, Nat.mod, Nat.beq, Nat.ble, Nat.land, Nat.lor, Nat.xor, Nat.shiftLeft, Nat.shiftRight, String.ofList, Char.ofNat, List, eagerReduce, Nat, String, String.mk, Char, optParam, autoParam, semiOutParam, outParam, Border.IsPrior, Border.marginal, Border.interimMass, Border.IsAllocation, Border.Feasible, Border.ConditionallyFeasible, Border.hitMass, Border.BorderCondition, Border.productPrior, Border.IndependentBorderCondition] from Challenge
Building Solution
⚠ [3126/3132] Replayed Border.Flow
warning: Border/Flow.lean:39:0: automatically included section variable(s) unused in theorem `Border.Implementation.flowSet_compact`:
  [Fintype Ω]
  [DecidableEq A]
consider restructuring your `variable` declarations so that the variables are not in scope or explicitly omit them:
  omit [Fintype Ω] [DecidableEq A] in theorem ...

Note: This linter can be disabled with `set_option linter.unusedSectionVars false`
Build completed successfully (3132 jobs).
Exporting #[Quot, Quot.mk, Quot.lift, Quot.ind, Border.border_feasibility, Border.feasible_iff_conditional, Border.border_conditional_feasibility, Border.independent_border_feasibility, Border.independent_border_conditional_feasibility, Border.allocation_le_one, propext, Quot.sound, Classical.choice, Nat.add, Nat.sub, Nat.mul, Nat.pow, Nat.gcd, Nat.div, Nat.mod, Nat.beq, Nat.ble, Nat.land, Nat.lor, Nat.xor, Nat.shiftLeft, Nat.shiftRight, String.ofList, Char.ofNat, List, eagerReduce, Nat, String, String.mk, Char, optParam, autoParam, semiOutParam, outParam, Border.IsPrior, Border.marginal, Border.interimMass, Border.IsAllocation, Border.Feasible, Border.ConditionallyFeasible, Border.hitMass, Border.BorderCondition, Border.productPrior, Border.IndependentBorderCondition] from Solution
Running con-ron kernel on solution
con-ron: 1 inductive blocks modelled in-process: Lean.Syntax (30 generated records, checked by the fold as declarations and not counted as records of the file)
con-ron: 2 declarations hoisted ahead of the pinned Nat operations they ground: Nat.mul._f, Nat.mul
con-ron: accepted 24254 declarations (--verified)
con-ron kernel accepts the solution
Running nanoda kernel on solution
nanoda kernel accepts the solution
Running Lean default kernel on solution
Lean default kernel accepts the solution
Your solution is okay!
